// Jest Snapshot v1, https://goo.gl/fbAQLP

exports[`AvatarPicker should render correctly 1`] = `
Array [
  <div
    className="AvatarPicker"
  >
    <div
      className="AvatarImage"
    >
      <AvatarImage
        id={1}
        label="Avatar 1"
        onClick={[Function]}
        src="avatar1.png"
      />
    </div>
    <div
      className="Popover"
    >
      <Popover
        items={
          Array [
            Object {
              "id": 1,
              "label": "Avatar 1",
              "src": "avatar1.png",
            },
            Object {
              "id": 2,
              "label": "Avatar 2",
              "src": "avatar2.png",
            },
            Object {
              "id": 3,
              "label": "Avatar 3",
              "src": "avatar3.png",
            },
            Object {
              "id": 4,
              "label": "Avatar 4",
              "src": "avatar4.png",
            },
            Object {
              "id": 5,
              "label": "Avatar 5",
              "src": "avatar5.png",
            },
            Object {
              "id": 6,
              "label": "Avatar 6",
              "src": "avatar6.png",
            },
          ]
        }
        loading={-1}
        onSelected={[Function]}
        selected={1}
      />
    </div>
  </div>,
]
`;
